\BOOKMARK [1][-]{Doc-Start}{\376\377\004\021\004\076\004\064\004\073\004\076\004\063\004\113\004\075\000\040\004\023\004\257\004\071\004\106\004\115\004\102\004\063\004\115\004\073\004\070\004\071\004\075\000\040\004\045\004\257\004\101\004\075\004\115\004\063\004\102\000\040\000\050\000C\000h\000e\000c\000k\000l\000i\000s\000t\000\051}{}% 1
\BOOKMARK [1][-]{section.1}{\376\377\0001\000\040\004\046\004\115\004\100\004\115\004\075\004\061\004\060\004\102\000\040\000\050\0002\0000\0002\0003\000\051\000\040\040\024\000\040\004\021\004\257\004\073\004\115\004\063\000\040\0001}{}% 2
\BOOKMARK [2][-]{section*.1}{\376\377\004\021\004\076\004\064\004\073\004\076\004\063\004\076\000\040\0001\000.\0001}{section.1}% 3
\BOOKMARK [2][-]{Item.8}{\376\377\004\021\004\076\004\064\004\073\004\076\004\063\004\076\000\040\0001\000.\0002}{section.1}% 4
\BOOKMARK [2][-]{Item.13}{\376\377\004\021\004\076\004\064\004\073\004\076\004\063\004\076\000\040\0001\000.\0003}{section.1}% 5
\BOOKMARK [2][-]{Item.16}{\376\377\004\021\004\076\004\064\004\073\004\076\004\063\004\076\000\040\0001\000.\0004}{section.1}% 6
\BOOKMARK [2][-]{Item.16}{\376\377\004\021\004\076\004\064\004\073\004\076\004\063\004\076\000\040\0001\000.\0005}{section.1}% 7
\BOOKMARK [2][-]{Item.16}{\376\377\004\021\004\076\004\064\004\073\004\076\004\063\004\076\000\040\0001\000.\0006}{section.1}% 8
\BOOKMARK [2][-]{Item.16}{\376\377\004\021\004\076\004\064\004\073\004\076\004\063\004\076\000\040\0001\000.\0007}{section.1}% 9
\BOOKMARK [2][-]{Item.16}{\376\377\004\021\004\076\004\064\004\073\004\076\004\063\004\076\000\040\0001\000.\0008}{section.1}% 10
\BOOKMARK [2][-]{Item.16}{\376\377\004\021\004\076\004\064\004\073\004\076\004\063\004\076\000\040\0001\000.\0009}{section.1}% 11
\BOOKMARK [2][-]{Item.16}{\376\377\004\021\004\076\004\064\004\073\004\076\004\063\004\076\000\040\0001\000.\0001\0000}{section.1}% 12
\BOOKMARK [2][-]{Item.16}{\376\377\004\021\004\076\004\064\004\073\004\076\004\063\004\076\000\040\0001\000.\0001\0001}{section.1}% 13
\BOOKMARK [2][-]{Item.16}{\376\377\004\021\004\076\004\064\004\073\004\076\004\063\004\076\000\040\0001\000.\0001\0002}{section.1}% 14
\BOOKMARK [2][-]{Item.16}{\376\377\004\021\004\076\004\064\004\073\004\076\004\063\004\076\000\040\0001\000.\0001\0003}{section.1}% 15
\BOOKMARK [2][-]{Item.16}{\376\377\004\021\004\076\004\064\004\073\004\076\004\063\004\076\000\040\0001\000.\0001\0004}{section.1}% 16
\BOOKMARK [2][-]{Item.16}{\376\377\004\021\004\076\004\064\004\073\004\076\004\063\004\076\000\040\0001\000.\0001\0005\000:\000\040\004\023\004\065\004\076\004\074\004\065\004\102\004\100\000\040\004\074\004\060\004\063\004\060\004\064\004\073\004\060\004\073\000\040\000[\000-\0001\000,\000\040\0002\000]\000\040\004\105\004\115\004\100\004\107\004\070\004\074\000\040\004\064\004\115\004\115\004\100}{section.1}% 17
\BOOKMARK [2][-]{Item.16}{\376\377\004\021\004\076\004\064\004\073\004\076\004\063\004\076\000\040\0001\000.\0001\0006}{section.1}% 18
\BOOKMARK [2][-]{Item.20}{\376\377\004\021\004\076\004\064\004\073\004\076\004\063\004\076\000\040\0001\000.\0001\0007}{section.1}% 19
\BOOKMARK [2][-]{Item.20}{\376\377\004\021\004\076\004\064\004\073\004\076\004\063\004\076\000\040\0001\000.\0001\0008}{section.1}% 20
\BOOKMARK [2][-]{Item.20}{\376\377\004\021\004\076\004\064\004\073\004\076\004\063\004\076\000\040\0001\000.\0001\0009}{section.1}% 21
\BOOKMARK [2][-]{Item.20}{\376\377\004\021\004\076\004\064\004\073\004\076\004\063\004\076\000\040\0001\000.\0002\0000}{section.1}% 22
\BOOKMARK [1][-]{section.2}{\376\377\0002\000\040\000B\000e\000r\000t\000s\000e\000k\000a\000s\000\040\000\046\000\040\000T\000s\000i\000t\000s\000i\000k\000l\000i\000s\000\040\040\024\000\040\004\021\004\257\004\073\004\115\004\063\000\040\0001}{}% 23
\BOOKMARK [2][-]{section*.2}{\376\377\004\021\004\076\004\064\004\073\004\076\004\063\004\076\000\040\0001\000\040\000\050\000S\000e\000c\000t\000i\000o\000n\000\040\0001\000.\0001\000\051}{section.2}% 24
\BOOKMARK [2][-]{section*.2}{\376\377\004\021\004\076\004\064\004\073\004\076\004\063\004\076\000\040\0002\000\040\000\050\000S\000e\000c\000t\000i\000o\000n\000\040\0001\000.\0001\000\051}{section.2}% 25
\BOOKMARK [2][-]{Item.23}{\376\377\004\021\004\076\004\064\004\073\004\076\004\063\004\076\000\040\0005\000\040\000\050\000S\000e\000c\000t\000i\000o\000n\000\040\0001\000.\0002\000\051}{section.2}% 26
\BOOKMARK [2][-]{Item.23}{\376\377\004\021\004\076\004\064\004\073\004\076\004\063\004\076\000\040\0007\000\040\000\050\000S\000e\000c\000t\000i\000o\000n\000\040\0001\000.\0002\000\051}{section.2}% 27
\BOOKMARK [2][-]{Item.23}{\376\377\004\021\004\076\004\064\004\073\004\076\004\063\004\076\000\040\0001\0001\000\040\000\050\000S\000e\000c\000t\000i\000o\000n\000\040\0001\000.\0002\000\051\000\040\040\024\000\040\004\021\004\076\004\075\004\104\004\065\004\100\004\100\004\076\004\075\004\070\004\071\004\075\000\040\004\102\004\115\004\075\004\106\004\115\004\102\004\063\004\115\004\073\000\040\004\061\004\070\004\110}{section.2}% 28
\BOOKMARK [2][-]{Item.25}{\376\377\004\021\004\076\004\064\004\073\004\076\004\063\004\076\000\040\0001\0002\000\040\000\050\000S\000e\000c\000t\000i\000o\000n\000\040\0001\000.\0002\000\051\000\040\040\024\000\040\004\036\004\100\004\103\004\103\004\073\004\060\004\105\000-\004\105\004\060\004\101\004\060\004\105\000\040\004\067\004\060\004\100\004\107\004\070\004\074}{section.2}% 29
\BOOKMARK [2][-]{Item.27}{\376\377\004\021\004\076\004\064\004\073\004\076\004\063\004\076\000\040\0001\0005\000\040\000\050\000S\000e\000c\000t\000i\000o\000n\000\040\0001\000.\0003\000\051}{section.2}% 30
\BOOKMARK [2][-]{Item.27}{\376\377\004\021\004\076\004\064\004\073\004\076\004\063\004\076\000\040\0001\0006\000\040\000\050\000S\000e\000c\000t\000i\000o\000n\000\040\0001\000.\0003\000\051}{section.2}% 31
\BOOKMARK [2][-]{Item.27}{\376\377\004\021\004\076\004\064\004\073\004\076\004\063\004\076\000\040\0001\0008\000\040\000\050\000S\000e\000c\000t\000i\000o\000n\000\040\0001\000.\0003\000\051\000\040\040\024\000\040\000P\000\050\000A\000\040\000c\000a\000p\000\040\000B\000\040\000|\000\040\000B\000\051\000\040\000=\000\040\000P\000\050\000A\000\040\000|\000\040\000B\000\051}{section.2}% 32
\BOOKMARK [2][-]{Item.27}{\376\377\004\021\004\076\004\064\004\073\004\076\004\063\004\076\000\040\0001\0009\000\040\000\050\000S\000e\000c\000t\000i\000o\000n\000\040\0001\000.\0003\000\051}{section.2}% 33
\BOOKMARK [2][-]{Item.27}{\376\377\004\021\004\076\004\064\004\073\004\076\004\063\004\076\000\040\0002\0000\000\040\000\050\000S\000e\000c\000t\000i\000o\000n\000\040\0001\000.\0003\000\051}{section.2}% 34
\BOOKMARK [2][-]{Item.32}{\376\377\004\021\004\076\004\064\004\073\004\076\004\063\004\076\000\040\0003\0000\000\040\000\050\000S\000e\000c\000t\000i\000o\000n\000\040\0001\000.\0004\000\051}{section.2}% 35
\BOOKMARK [2][-]{Item.32}{\376\377\004\021\004\076\004\064\004\073\004\076\004\063\004\076\000\040\0003\0004\000\040\000\050\000S\000e\000c\000t\000i\000o\000n\000\040\0001\000.\0004\000\051}{section.2}% 36
\BOOKMARK [2][-]{Item.36}{\376\377\004\021\004\076\004\064\004\073\004\076\004\063\004\076\000\040\0004\0003\000\040\000\050\000S\000e\000c\000t\000i\000o\000n\000\040\0001\000.\0004\000\051}{section.2}% 37
